core_cm4.h:1657:22:void __NVIC_SetPriorityGrouping(uint32_t)	24	static
core_cm4.h:1777:22:void __NVIC_ClearPendingIRQ(IRQn_Type)	16	static
stm32f4xx_ll_rcc.h:2931:22:void LL_RCC_HSE_EnableBypass()	4	static
stm32f4xx_ll_rcc.h:2951:22:void LL_RCC_HSE_Enable()	4	static
stm32f4xx_ll_rcc.h:2971:26:uint32_t LL_RCC_HSE_IsReady()	4	static
stm32f4xx_ll_rcc.h:3190:22:void LL_RCC_SetSysClkSource(uint32_t)	16	static
stm32f4xx_ll_rcc.h:3206:26:uint32_t LL_RCC_GetSysClkSource()	4	static
stm32f4xx_ll_rcc.h:3226:22:void LL_RCC_SetAHBPrescaler(uint32_t)	16	static
stm32f4xx_ll_rcc.h:3242:22:void LL_RCC_SetAPB1Prescaler(uint32_t)	16	static
stm32f4xx_ll_rcc.h:3258:22:void LL_RCC_SetAPB2Prescaler(uint32_t)	16	static
stm32f4xx_ll_rcc.h:4186:22:void LL_RCC_PLL_Enable()	4	static
stm32f4xx_ll_rcc.h:4207:26:uint32_t LL_RCC_PLL_IsReady()	4	static
stm32f4xx_ll_rcc.h:4306:22:void LL_RCC_PLL_ConfigDomain_SYS(uint32_t, uint32_t, uint32_t, uint32_t)	24	static
stm32f4xx_ll_bus.h:1187:22:void LL_APB1_GRP1_EnableClock(uint32_t)	24	static
stm32f4xx_ll_bus.h:1706:22:void LL_APB2_GRP1_EnableClock(uint32_t)	24	static
stm32f4xx_ll_system.h:1542:22:void LL_FLASH_SetLatency(uint32_t)	16	static
stm32f4xx_ll_system.h:1568:26:uint32_t LL_FLASH_GetLatency()	4	static
stm32f4xx_ll_pwr.h:507:22:void LL_PWR_SetRegulVoltageScaling(uint32_t)	16	static
stm32f4xx_ll_dma.h:1650:26:uint32_t LL_DMA_IsActiveFlag_HT0(DMA_TypeDef*)	16	static
stm32f4xx_ll_dma.h:1661:26:uint32_t LL_DMA_IsActiveFlag_HT1(DMA_TypeDef*)	16	static
stm32f4xx_ll_dma.h:1738:26:uint32_t LL_DMA_IsActiveFlag_TC0(DMA_TypeDef*)	16	static
stm32f4xx_ll_dma.h:1749:26:uint32_t LL_DMA_IsActiveFlag_TC1(DMA_TypeDef*)	16	static
stm32f4xx_ll_dma.h:1826:26:uint32_t LL_DMA_IsActiveFlag_TE0(DMA_TypeDef*)	16	static
stm32f4xx_ll_dma.h:1837:26:uint32_t LL_DMA_IsActiveFlag_TE1(DMA_TypeDef*)	16	static
stm32f4xx_ll_dma.h:1914:26:uint32_t LL_DMA_IsActiveFlag_DME0(DMA_TypeDef*)	16	static
stm32f4xx_ll_dma.h:2002:26:uint32_t LL_DMA_IsActiveFlag_FE0(DMA_TypeDef*)	16	static
stm32f4xx_ll_dma.h:2013:26:uint32_t LL_DMA_IsActiveFlag_FE1(DMA_TypeDef*)	16	static
stm32f4xx_ll_dma.h:2090:22:void LL_DMA_ClearFlag_HT0(DMA_TypeDef*)	16	static
stm32f4xx_ll_dma.h:2101:22:void LL_DMA_ClearFlag_HT1(DMA_TypeDef*)	16	static
stm32f4xx_ll_dma.h:2178:22:void LL_DMA_ClearFlag_TC0(DMA_TypeDef*)	16	static
stm32f4xx_ll_dma.h:2189:22:void LL_DMA_ClearFlag_TC1(DMA_TypeDef*)	16	static
stm32f4xx_ll_dma.h:2266:22:void LL_DMA_ClearFlag_TE0(DMA_TypeDef*)	16	static
stm32f4xx_ll_dma.h:2277:22:void LL_DMA_ClearFlag_TE1(DMA_TypeDef*)	16	static
stm32f4xx_ll_dma.h:2354:22:void LL_DMA_ClearFlag_DME0(DMA_TypeDef*)	16	static
stm32f4xx_ll_dma.h:2442:22:void LL_DMA_ClearFlag_FE0(DMA_TypeDef*)	16	static
stm32f4xx_ll_dma.h:2453:22:void LL_DMA_ClearFlag_FE1(DMA_TypeDef*)	16	static
stm32f4xx_ll_usart.h:1738:26:uint32_t LL_USART_IsActiveFlag_PE(USART_TypeDef*)	16	static
stm32f4xx_ll_usart.h:1749:26:uint32_t LL_USART_IsActiveFlag_FE(USART_TypeDef*)	16	static
stm32f4xx_ll_usart.h:1760:26:uint32_t LL_USART_IsActiveFlag_NE(USART_TypeDef*)	16	static
stm32f4xx_ll_usart.h:1771:26:uint32_t LL_USART_IsActiveFlag_ORE(USART_TypeDef*)	16	static
stm32f4xx_ll_usart.h:1782:26:uint32_t LL_USART_IsActiveFlag_IDLE(USART_TypeDef*)	16	static
stm32f4xx_ll_usart.h:1878:22:void LL_USART_ClearFlag_PE(USART_TypeDef*)	24	static
stm32f4xx_ll_usart.h:1897:22:void LL_USART_ClearFlag_FE(USART_TypeDef*)	24	static
stm32f4xx_ll_usart.h:1916:22:void LL_USART_ClearFlag_NE(USART_TypeDef*)	24	static
stm32f4xx_ll_usart.h:1935:22:void LL_USART_ClearFlag_ORE(USART_TypeDef*)	24	static
stm32f4xx_ll_usart.h:1954:22:void LL_USART_ClearFlag_IDLE(USART_TypeDef*)	24	static
char_traits.h:329:7:static constexpr std::size_t std::char_traits<char>::length(const char_type*)	24	static
gthr-default.h:229:1:int __gthread_key_delete(__gthread_key_t)	16	static
basic_string.h:6562:3:std::string std::__cxx11::to_string(long unsigned int)	24	static
stm32f4xx_ll_adc.h:4288:26:uint32_t LL_ADC_IsActiveFlag_EOCS(ADC_TypeDef*)	16	static
stm32f4xx_ll_adc.h:4299:26:uint32_t LL_ADC_IsActiveFlag_OVR(ADC_TypeDef*)	16	static
stm32f4xx_ll_adc.h:4341:22:void LL_ADC_ClearFlag_EOCS(ADC_TypeDef*)	16	static
main.cpp:54:10:uint16_t swap2byte(uint16_t)	24	static
main.cpp:62:17:uint16_t Rev16(uint16_t)	16	static,ignoring_inline_asm
main.cpp:95:9:simtool getData(std::array<unsigned char, 12>)	32	static
array:138:7:constexpr const value_type* std::array<_Tp, _Nm>::end() const [with _Tp = unsigned char; unsigned int _Nm = 10]	16	static
array:130:7:constexpr const value_type* std::array<_Tp, _Nm>::begin() const [with _Tp = unsigned char; unsigned int _Nm = 10]	16	static
main.cpp:111:15:getData(std::array<unsigned char, 10>&, uint8_t&, uint8_t&, uint8_t&)::<lambda(unsigned char*)>	16	static
main.cpp:101:6:void getData(std::array<unsigned char, 10>&, uint8_t&, uint8_t&, uint8_t&)	72	static
main.cpp:153:5:int main()	8	static
main.cpp:187:8:void USART6_IRQHandler()	32	static
main.cpp:214:8:void DMA2_Stream0_IRQHandler()	8	static
main.cpp:246:8:void DMA2_Stream1_IRQHandler()	8	static
main.cpp:286:8:void ADC_IRQHandler()	8	static
main.cpp:310:6:void SystemClock_Config()	8	static
main.cpp:348:6:void Error_Handler()	4	static,ignoring_inline_asm
main.cpp:367:6:void assert_failed(uint8_t*, uint32_t)	120	static
char_traits.h:100:7:static constexpr bool __gnu_cxx::char_traits<_CharT>::eq(const char_type&, const char_type&) [with _CharT = char]	16	static
char_traits.h:161:5:static constexpr std::size_t __gnu_cxx::char_traits<_CharT>::length(const char_type*) [with _CharT = char]	24	static
string_conversions.h:99:5:) [with _String = std::__cxx11::basic_string<char>; _CharT = char]	44	dynamic
array:126:7:constexpr std::array<_Tp, _Nm>::value_type* std::array<_Tp, _Nm>::begin() [with _Tp = unsigned char; unsigned int _Nm = 10]	16	static
array:134:7:constexpr std::array<_Tp, _Nm>::value_type* std::array<_Tp, _Nm>::end() [with _Tp = unsigned char; unsigned int _Nm = 10]	16	static
stl_algo.h:3930:5:_IIter std::find(_IIter, _IIter, const _Tp&) [with _IIter = unsigned char*; _Tp = char]	24	static
array:59:7:static constexpr _Tp* std::__array_traits<_Tp, _Nm>::_S_ptr(const _Tp (&)[_Nm]) [with _Tp = unsigned char; unsigned int _Nm = 10]	16	static
array:238:7:constexpr const value_type* std::array<_Tp, _Nm>::data() const [with _Tp = unsigned char; unsigned int _Nm = 10]	16	static
basic_string.h:525:7:std::__cxx11::basic_string<_CharT, _Traits, _Alloc>::basic_string(const _CharT*, const _Alloc&) [with <template-parameter-2-1> = std::allocator<char>; _CharT = char; _Traits = std::char_traits<char>; _Alloc = std::allocator<char>]	32	static
basic_string.h:6020:5:std::__cxx11::basic_string<_CharT, _Traits, _Allocator> std::operator+(const std::__cxx11::basic_string<_CharT, _Traits, _Allocator>&, const std::__cxx11::basic_string<_CharT, _Traits, _Allocator>&) [with _CharT = char; _Traits = std::char_traits<char>; _Alloc = std::allocator<char>]	24	static
basic_string.h:6127:5:std::__cxx11::basic_string<_CharT, _Traits, _Allocator> std::operator+(std::__cxx11::basic_string<_CharT, _Traits, _Allocator>&&, _CharT) [with _CharT = char; _Traits = std::char_traits<char>; _Alloc = std::allocator<char>]	24	static
basic_string.h:625:9:std::__cxx11::basic_string<_CharT, _Traits, _Alloc>::basic_string(_InputIterator, _InputIterator, const _Alloc&) [with _InputIterator = char*; <template-parameter-2-2> = void; _CharT = char; _Traits = std::char_traits<char>; _Alloc = std::allocator<char>]	32	static
basic_string.h:263:9:void std::__cxx11::basic_string<_CharT, _Traits, _Alloc>::_M_construct(_InIterator, _InIterator) [with _InIterator = const char*; _CharT = char; _Traits = std::char_traits<char>; _Alloc = std::allocator<char>]	24	static
array:234:7:constexpr std::array<_Tp, _Nm>::value_type* std::array<_Tp, _Nm>::data() [with _Tp = unsigned char; unsigned int _Nm = 10]	16	static
predefined_ops.h:246:5:__gnu_cxx::__ops::_Iter_equals_val<_Value> __gnu_cxx::__ops::__iter_equals_val(_Value&) [with _Value = const char]	24	static
stl_algo.h:159:5:_Iterator std::__find_if(_Iterator, _Iterator, _Predicate) [with _Iterator = unsigned char*; _Predicate = __gnu_cxx::__ops::_Iter_equals_val<const char>]	32	static
move.h:99:5:constexpr typename std::remove_reference<_Tp>::type&& std::move(_Tp&&) [with _Tp = std::__cxx11::basic_string<char>&]	16	static
basic_string.h:263:9:void std::__cxx11::basic_string<_CharT, _Traits, _Alloc>::_M_construct(_InIterator, _InIterator) [with _InIterator = char*; _CharT = char; _Traits = std::char_traits<char>; _Alloc = std::allocator<char>]	24	static
basic_string.h:243:9:void std::__cxx11::basic_string<_CharT, _Traits, _Alloc>::_M_construct_aux(_InIterator, _InIterator, std::__false_type) [with _InIterator = const char*; _CharT = char; _Traits = std::char_traits<char>; _Alloc = std::allocator<char>]	40	static
predefined_ops.h:234:7:__gnu_cxx::__ops::_Iter_equals_val<_Value>::_Iter_equals_val(_Value&) [with _Value = const char]	16	static
stl_iterator_base_types.h:205:5:constexpr typename std::iterator_traits<_Iterator>::iterator_category std::__iterator_category(const _Iter&) [with _Iter = unsigned char*]	16	static
stl_algo.h:112:5:_RandomAccessIterator std::__find_if(_RandomAccessIterator, _RandomAccessIterator, _Predicate, std::random_access_iterator_tag) [with _RandomAccessIterator = unsigned char*; _Predicate = __gnu_cxx::__ops::_Iter_equals_val<const char>]	32	static
basic_string.h:243:9:void std::__cxx11::basic_string<_CharT, _Traits, _Alloc>::_M_construct_aux(_InIterator, _InIterator, std::__false_type) [with _InIterator = char*; _CharT = char; _Traits = std::char_traits<char>; _Alloc = std::allocator<char>]	40	static
stl_iterator_base_funcs.h:138:5:constexpr typename std::iterator_traits<_Iterator>::difference_type std::distance(_InputIterator, _InputIterator) [with _InputIterator = const char*]	24	static
basic_string.tcc:206:7:void std::__cxx11::basic_string<_CharT, _Traits, _Alloc>::_M_construct(_InIterator, _InIterator, std::forward_iterator_tag) [with _FwdIterator = const char*; _CharT = char; _Traits = std::char_traits<char>; _Alloc = std::allocator<char>]	32	static
predefined_ops.h:240:2:bool __gnu_cxx::__ops::_Iter_equals_val<_Value>::operator()(_Iterator) [with _Iterator = unsigned char*; _Value = const char]	16	static
stl_iterator_base_funcs.h:138:5:constexpr typename std::iterator_traits<_Iterator>::difference_type std::distance(_InputIterator, _InputIterator) [with _InputIterator = char*]	24	static
basic_string.tcc:206:7:void std::__cxx11::basic_string<_CharT, _Traits, _Alloc>::_M_construct(_InIterator, _InIterator, std::forward_iterator_tag) [with _FwdIterator = char*; _CharT = char; _Traits = std::char_traits<char>; _Alloc = std::allocator<char>]	32	static
type_traits.h:152:5:bool __gnu_cxx::__is_null_pointer(_Type*) [with _Type = const char]	16	static
stl_iterator_base_types.h:205:5:constexpr typename std::iterator_traits<_Iterator>::iterator_category std::__iterator_category(const _Iter&) [with _Iter = const char*]	16	static
stl_iterator_base_funcs.h:98:5:constexpr typename std::iterator_traits<_Iterator>::difference_type std::__distance(_RandomAccessIterator, _RandomAccessIterator, std::random_access_iterator_tag) [with _RandomAccessIterator = const char*]	24	static
type_traits.h:152:5:bool __gnu_cxx::__is_null_pointer(_Type*) [with _Type = char]	16	static
stl_iterator_base_types.h:205:5:constexpr typename std::iterator_traits<_Iterator>::iterator_category std::__iterator_category(const _Iter&) [with _Iter = char*]	16	static
stl_iterator_base_funcs.h:98:5:constexpr typename std::iterator_traits<_Iterator>::difference_type std::__distance(_RandomAccessIterator, _RandomAccessIterator, std::random_access_iterator_tag) [with _RandomAccessIterator = char*]	24	static
